version https://git-lfs.github.com/spec/v1
oid sha256:6ea5d6d32359a9723bb5f160b93da7dd836fb876807b62eaaa12a0c0d91a5ed2
size 33
