version https://git-lfs.github.com/spec/v1
oid sha256:d3dc19ea4a12bb0ffd0ee1fd164512fbccc922e5b3c678d555ac124db06e249e
size 28
