version https://git-lfs.github.com/spec/v1
oid sha256:99fe5ab05758cead8a8f69ceb5652d0523b0510e7865db424e858f4d846c9437
size 50
