version https://git-lfs.github.com/spec/v1
oid sha256:f74b167f33c2ecc3cb8926b98acef4fca52f52363adacd99a83cf7c02d3ee174
size 94
