version https://git-lfs.github.com/spec/v1
oid sha256:8445f76e80c71b577bcaff71bbf7676468b129e93f8861c26a05775ead809b69
size 53
