version https://git-lfs.github.com/spec/v1
oid sha256:918ce9402867a3bd7a9f1da877ae2549c653bc0c8b68203edcabe0ba99d5108a
size 578
