version https://git-lfs.github.com/spec/v1
oid sha256:f0b6f4785656d3af5054c9a5bd8b5c3d98cf4356fb92f8b107b7ca31e9ed3bdb
size 54
