version https://git-lfs.github.com/spec/v1
oid sha256:5b74fe6edf46a00ca8ce63cf96f76ee6900bcf43b172fcb85304632800bae61f
size 480
