version https://git-lfs.github.com/spec/v1
oid sha256:da11a700153772c9f8cd730aeb2d6109251548a3d979aaf29553df4de34c8d15
size 11162
