version https://git-lfs.github.com/spec/v1
oid sha256:555b68772a3c5346d1c7d3cd58971f2775784f31c11782c54dee3876eef22e29
size 552
