version https://git-lfs.github.com/spec/v1
oid sha256:a48a6710d65b0ce042b5161bc1462a5d142e3502b11221bfcf78a42cc9f0aee9
size 2379
