version https://git-lfs.github.com/spec/v1
oid sha256:db97d495bed06baf275d71c78c10607b28f54f84c28e4742d418091b88071a2d
size 24
