version https://git-lfs.github.com/spec/v1
oid sha256:94f71e4129d0f6bd31f9fa744dbdd27e333af8754511f83a075dacd140cc914f
size 29
