version https://git-lfs.github.com/spec/v1
oid sha256:9b8eb10d36811aef578beff4c462a7f11f204fb68a91423ef74d29e65b8c7121
size 784
