version https://git-lfs.github.com/spec/v1
oid sha256:3fcc2a00cd0ab32376fd385b24405834aa0061cccaf12426e0b142d4a06fca1d
size 87
