version https://git-lfs.github.com/spec/v1
oid sha256:4fa4b830595350c7a7c6e6ed16f4a29507ee8a7e08a4ec34b9ecc780014821ba
size 82
