version https://git-lfs.github.com/spec/v1
oid sha256:fa0e3ff2ce0f1777cae5e82573a203792d4fc62086498d090d3b6407ebde6340
size 140
