version https://git-lfs.github.com/spec/v1
oid sha256:3a31764a2e89dc9623556890bb8925b393514ff1bd018519e339efb416d22ca9
size 103
