version https://git-lfs.github.com/spec/v1
oid sha256:7c73830a30f1a2a7e13ec3d237a12218cf1ee715a000dc74409f47bd47191477
size 80
