version https://git-lfs.github.com/spec/v1
oid sha256:d995f3ca487edbb8175066c62504591b2016b17dbe4cd65c7644ac7b4e0f8ef2
size 32
