version https://git-lfs.github.com/spec/v1
oid sha256:6e0860fd0b1afe7ebbb647b440a6f93d3c5bdb9420e5dde93fc6e443ac71f3ca
size 555
