version https://git-lfs.github.com/spec/v1
oid sha256:cf555e4760e3cf8a250ef6c8a7e6e7b44b37696da01bdc68d33a84b9e2a744e9
size 131
