version https://git-lfs.github.com/spec/v1
oid sha256:2b2c62a0aba90e6995d9d6e90ca8bca13dd0dced11ef0ae458986778336fef83
size 94
