version https://git-lfs.github.com/spec/v1
oid sha256:87de7a53a0cf400175d40f775f6f232b02e3f210a55b51123a3f63925bc8e8ef
size 421
