version https://git-lfs.github.com/spec/v1
oid sha256:945c8140b78912af32f1540e0822f4631fff370d5b67d9c19bbc1f8a06a39e89
size 80
