version https://git-lfs.github.com/spec/v1
oid sha256:9c2a4072c09ac38d68d511579593526ae0d5c5fcf7ff4c1707f82801fc020dc0
size 563
