version https://git-lfs.github.com/spec/v1
oid sha256:d2f4bd19701ad742ac1257ca1a0ba085f811d1e3fbf714bc6b78fe909d1db83e
size 9
