version https://git-lfs.github.com/spec/v1
oid sha256:8d41d0d243ee35e84cead043af24c403e1252443a5170462cbc9cb08b5887591
size 912
