version https://git-lfs.github.com/spec/v1
oid sha256:d819f0b3400b87e5eef4317a4afdf341a868ee36545774ff903ca27bf9acd9cd
size 129
