version https://git-lfs.github.com/spec/v1
oid sha256:b6bbba8bd8ddef0fd8a1a325be7754041cc5ada79e3dcad0a69434084938285f
size 240
