version https://git-lfs.github.com/spec/v1
oid sha256:cf6b30196fdc7e59d9aa79914639909ee6de4fc7ec2af75cfe4aa4994c214253
size 436
