version https://git-lfs.github.com/spec/v1
oid sha256:b3d1e903e2764813322ecb6b878fe9f33d13e02f4451703554f6797904d30114
size 130
