version https://git-lfs.github.com/spec/v1
oid sha256:c62b18976cf9ad8095c22e2c09af5ccb9905c727cdbba20e5fd9677b0083a3b4
size 917
