version https://git-lfs.github.com/spec/v1
oid sha256:431051b1d2307f0ddf92017108be3a24788db69ce4ff6caa66c80d213b1e2ed4
size 604
