version https://git-lfs.github.com/spec/v1
oid sha256:7e01683cf2273ecdaf4f7c1054d4b39407cd970e484336a9b857ad73cf9a457c
size 368
