version https://git-lfs.github.com/spec/v1
oid sha256:13c42295e38cc9945a2d15e672d8db6e5b95b1ba0bfcd4f63242833f6afdda11
size 278
