version https://git-lfs.github.com/spec/v1
oid sha256:f743c984c0c04866971c3648f17968bf95f422fa8051008ee6c43ceab31b7d5a
size 369
