version https://git-lfs.github.com/spec/v1
oid sha256:d2bd4d3f0415f594e59e151620a550bdbd2a3f44c2ea334b699c6476951cc91c
size 934
