version https://git-lfs.github.com/spec/v1
oid sha256:1f1c41d14c3a1e182d92347185283b031690304541a4aa0c9bbf95e1bccacc2c
size 633
