version https://git-lfs.github.com/spec/v1
oid sha256:c005598c7b31bddcfdd5663f5b7c3057a75fd2c42460d0eafd3f095a1d7527a9
size 49
