version https://git-lfs.github.com/spec/v1
oid sha256:a03c19a79c4e75b4465d3efc5eb6137b0ef710f4dd9106b051409208b487ff6a
size 388
