version https://git-lfs.github.com/spec/v1
oid sha256:db9e95c067ab98983adc06813cfc5712cb313dcaa1d7418a008f3bf4453be040
size 15
