version https://git-lfs.github.com/spec/v1
oid sha256:3a31361b17bf1276085ce708906e212e86af6968677edefde9c52f3581c51339
size 1749
