version https://git-lfs.github.com/spec/v1
oid sha256:7f0faa9fe114e6e8258ebddffb1fc1bd3e14e068fb27dcc65682f66a850828d7
size 39
