version https://git-lfs.github.com/spec/v1
oid sha256:cd6d2722c184ed9301d40a225bd776fa410ae2dc718367e9c3f18587224e088d
size 336
