version https://git-lfs.github.com/spec/v1
oid sha256:3c62af589701071e6849d30263781630940db7bdbb2c39574f063eb5fa9c91f2
size 27
