version https://git-lfs.github.com/spec/v1
oid sha256:cf396ad5ff9be220f2645ea1d4f6d95559a69ca474828cc6ca9be217c6db7ff6
size 845
