version https://git-lfs.github.com/spec/v1
oid sha256:07d633a485e561d45df6a57dd5d182cfd76b67778ff184164f18656acda42bbb
size 551
