version https://git-lfs.github.com/spec/v1
oid sha256:92c6e7cc3611e40c168be6ff6ee132aba13afd2c46a35c1c8e2293e5ee42d00b
size 540
