version https://git-lfs.github.com/spec/v1
oid sha256:c6e20ed03238f28a9352fa2e80dcefb000477d2a5d3f8f374046b453b9a7747c
size 17
